/root/RANPlacer/k8s-operators/config/samples/ran_v1alpha1_ranplacer.yaml
ranplacer.ran.unisinos/ranplacer-sample created
ranplacer.ran.unisinos "ranplacer-sample" deleted
/root/RANPlacer/k8s-operators/config/samples/ran_v1alpha1_ranplacer.yaml
ranplacer.ran.unisinos/ranplacer-sample created
/root/RANPlacer/k8s-operators/config/samples/ran_v1alpha1_ranplacer.yaml
ranplacer.ran.unisinos/ranplacer-sample created
ranplacer.ran.unisinos "ranplacer-sample" deleted
/root/RANPlacer/k8s-operators/config/samples/ran_v1alpha1_ranplacer.yaml
ranplacer.ran.unisinos/ranplacer-sample created
ranplacer.ran.unisinos "ranplacer-sample" deleted
/root/RANPlacer/k8s-operators/config/samples/ran_v1alpha1_ranplacer.yaml
ranplacer.ran.unisinos/ranplacer-sample created
ranplacer.ran.unisinos "ranplacer-sample" deleted
/root/RANPlacer/k8s-operators/config/samples/ran_v1alpha1_ranplacer.yaml
ranplacer.ran.unisinos/ranplacer-sample created
/root/RANPlacer/k8s-operators/config/samples/ran_v1alpha1_ranplacer.yaml
ranplacer.ran.unisinos/ranplacer-sample created
ranplacer.ran.unisinos "ranplacer-sample" deleted
/root/RANPlacer/k8s-operators/config/samples/ran_v1alpha1_ranplacer.yaml
ranplacer.ran.unisinos/ranplacer-sample created
ranplacer.ran.unisinos "ranplacer-sample" deleted
/root/RANPlacer/k8s-operators/config/samples/ran_v1alpha1_ranplacer.yaml
ranplacer.ran.unisinos/ranplacer-sample created
ranplacer.ran.unisinos "ranplacer-sample" deleted
/root/RANPlacer/k8s-operators/config/samples/ran_v1alpha1_ranplacer.yaml
ranplacer.ran.unisinos/ranplacer-sample created
ranplacer.ran.unisinos "ranplacer-sample" deleted
/root/RANPlacer/k8s-operators/config/samples/ran_v1alpha1_ranplacer.yaml
ranplacer.ran.unisinos/ranplacer-sample created
ranplacer.ran.unisinos "ranplacer-sample" deleted
/root/RANPlacer/k8s-operators/config/samples/ran_v1alpha1_ranplacer.yaml
ranplacer.ran.unisinos/ranplacer-sample created
ranplacer.ran.unisinos "ranplacer-sample" deleted
/root/RANPlacer/k8s-operators/config/samples/ran_v1alpha1_ranplacer.yaml
ranplacer.ran.unisinos/ranplacer-sample created
ranplacer.ran.unisinos "ranplacer-sample" deleted
/root/RANPlacer/k8s-operators/config/samples/ran_v1alpha1_ranplacer.yaml
ranplacer.ran.unisinos/ranplacer-sample created
ranplacer.ran.unisinos "ranplacer-sample" deleted
/root/RANPlacer/k8s-operators/config/samples/ran_v1alpha1_ranplacer.yaml
ranplacer.ran.unisinos/ranplacer-sample created
ranplacer.ran.unisinos "ranplacer-sample" deleted
/root/RANPlacer/k8s-operators/config/samples/ran_v1alpha1_ranplacer.yaml
ranplacer.ran.unisinos/ranplacer-sample created
ranplacer.ran.unisinos "ranplacer-sample" deleted
mkdir: cannot create directory ‘2’: File exists
/root/RANPlacer/k8s-operators/config/samples/ran_v1alpha1_ranplacer.yaml
ranplacer.ran.unisinos/ranplacer-sample created
error: there is no need to specify a resource type as a separate argument when passing arguments in resource/name form (e.g. 'kubectl get resource/<resource_name>' instead of 'kubectl get resource resource/<resource_name>'
ranplacer.ran.unisinos "ranplacer-sample" deleted
/root/RANPlacer/k8s-operators/config/samples/ran_v1alpha1_ranplacer.yaml
ranplacer.ran.unisinos/ranplacer-sample created
error: there is no need to specify a resource type as a separate argument when passing arguments in resource/name form (e.g. 'kubectl get resource/<resource_name>' instead of 'kubectl get resource resource/<resource_name>'
ranplacer.ran.unisinos "ranplacer-sample" deleted
/root/RANPlacer/k8s-operators/config/samples/ran_v1alpha1_ranplacer.yaml
ranplacer.ran.unisinos/ranplacer-sample created
error: there is no need to specify a resource type as a separate argument when passing arguments in resource/name form (e.g. 'kubectl get resource/<resource_name>' instead of 'kubectl get resource resource/<resource_name>'
ranplacer.ran.unisinos "ranplacer-sample" deleted
/root/RANPlacer/k8s-operators/config/samples/ran_v1alpha1_ranplacer.yaml
ranplacer.ran.unisinos/ranplacer-sample created
error: there is no need to specify a resource type as a separate argument when passing arguments in resource/name form (e.g. 'kubectl get resource/<resource_name>' instead of 'kubectl get resource resource/<resource_name>'
ranplacer.ran.unisinos "ranplacer-sample" deleted
/root/RANPlacer/k8s-operators/config/samples/ran_v1alpha1_ranplacer.yaml
ranplacer.ran.unisinos/ranplacer-sample created
error: there is no need to specify a resource type as a separate argument when passing arguments in resource/name form (e.g. 'kubectl get resource/<resource_name>' instead of 'kubectl get resource resource/<resource_name>'
ranplacer.ran.unisinos "ranplacer-sample" deleted
/root/RANPlacer/k8s-operators/config/samples/ran_v1alpha1_ranplacer.yaml
ranplacer.ran.unisinos/ranplacer-sample created
error: there is no need to specify a resource type as a separate argument when passing arguments in resource/name form (e.g. 'kubectl get resource/<resource_name>' instead of 'kubectl get resource resource/<resource_name>'
ranplacer.ran.unisinos "ranplacer-sample" deleted
/root/RANPlacer/k8s-operators/config/samples/ran_v1alpha1_ranplacer.yaml
ranplacer.ran.unisinos/ranplacer-sample created
error: there is no need to specify a resource type as a separate argument when passing arguments in resource/name form (e.g. 'kubectl get resource/<resource_name>' instead of 'kubectl get resource resource/<resource_name>'
ranplacer.ran.unisinos "ranplacer-sample" deleted
/root/RANPlacer/k8s-operators/config/samples/ran_v1alpha1_ranplacer.yaml
ranplacer.ran.unisinos/ranplacer-sample created
error: there is no need to specify a resource type as a separate argument when passing arguments in resource/name form (e.g. 'kubectl get resource/<resource_name>' instead of 'kubectl get resource resource/<resource_name>'
ranplacer.ran.unisinos "ranplacer-sample" deleted
/root/RANPlacer/k8s-operators/config/samples/ran_v1alpha1_ranplacer.yaml
ranplacer.ran.unisinos/ranplacer-sample created
error: there is no need to specify a resource type as a separate argument when passing arguments in resource/name form (e.g. 'kubectl get resource/<resource_name>' instead of 'kubectl get resource resource/<resource_name>'
ranplacer.ran.unisinos "ranplacer-sample" deleted
/root/RANPlacer/k8s-operators/config/samples/ran_v1alpha1_ranplacer.yaml
ranplacer.ran.unisinos/ranplacer-sample created
error: there is no need to specify a resource type as a separate argument when passing arguments in resource/name form (e.g. 'kubectl get resource/<resource_name>' instead of 'kubectl get resource resource/<resource_name>'
ranplacer.ran.unisinos "ranplacer-sample" deleted
/root/RANPlacer/k8s-operators/config/samples/ran_v1alpha1_ranplacer.yaml
ranplacer.ran.unisinos/ranplacer-sample created
ranplacer.ran.unisinos "ranplacer-sample" deleted
/root/RANPlacer/k8s-operators/config/samples/ran_v1alpha1_ranplacer.yaml
ranplacer.ran.unisinos/ranplacer-sample created
ranplacer.ran.unisinos "ranplacer-sample" deleted
/root/RANPlacer/k8s-operators/config/samples/ran_v1alpha1_ranplacer.yaml
ranplacer.ran.unisinos/ranplacer-sample created
ranplacer.ran.unisinos "ranplacer-sample" deleted
/root/RANPlacer/k8s-operators/config/samples/ran_v1alpha1_ranplacer.yaml
ranplacer.ran.unisinos/ranplacer-sample created
ranplacer.ran.unisinos "ranplacer-sample" deleted
/root/RANPlacer/k8s-operators/config/samples/ran_v1alpha1_ranplacer.yaml
ranplacer.ran.unisinos/ranplacer-sample created
ranplacer.ran.unisinos "ranplacer-sample" deleted
/root/RANPlacer/k8s-operators/config/samples/ran_v1alpha1_ranplacer.yaml
ranplacer.ran.unisinos/ranplacer-sample created
ranplacer.ran.unisinos "ranplacer-sample" deleted
/root/RANPlacer/k8s-operators/config/samples/ran_v1alpha1_ranplacer.yaml
ranplacer.ran.unisinos/ranplacer-sample created
ranplacer.ran.unisinos "ranplacer-sample" deleted
/root/RANPlacer/k8s-operators/config/samples/ran_v1alpha1_ranplacer.yaml
ranplacer.ran.unisinos/ranplacer-sample created
ranplacer.ran.unisinos "ranplacer-sample" deleted
/root/RANPlacer/k8s-operators/config/samples/ran_v1alpha1_ranplacer.yaml
ranplacer.ran.unisinos/ranplacer-sample created
ranplacer.ran.unisinos "ranplacer-sample" deleted
/root/RANPlacer/k8s-operators/config/samples/ran_v1alpha1_ranplacer.yaml
ranplacer.ran.unisinos/ranplacer-sample created
ranplacer.ran.unisinos "ranplacer-sample" deleted
/root/RANPlacer/k8s-operators/config/samples/ran_v1alpha1_ranplacer.yaml
ranplacer.ran.unisinos/ranplacer-sample created
ranplacer.ran.unisinos "ranplacer-sample" deleted
/root/RANPlacer/k8s-operators/config/samples/ran_v1alpha1_ranplacer.yaml
ranplacer.ran.unisinos/ranplacer-sample created
ranplacer.ran.unisinos "ranplacer-sample" deleted
/root/RANPlacer/k8s-operators/config/samples/ran_v1alpha1_ranplacer.yaml
ranplacer.ran.unisinos/ranplacer-sample created
ranplacer.ran.unisinos "ranplacer-sample" deleted
/root/RANPlacer/k8s-operators/config/samples/ran_v1alpha1_ranplacer.yaml
ranplacer.ran.unisinos/ranplacer-sample created
ranplacer.ran.unisinos "ranplacer-sample" deleted
/root/RANPlacer/k8s-operators/config/samples/ran_v1alpha1_ranplacer.yaml
ranplacer.ran.unisinos/ranplacer-sample created
ranplacer.ran.unisinos "ranplacer-sample" deleted
/root/RANPlacer/k8s-operators/config/samples/ran_v1alpha1_ranplacer.yaml
ranplacer.ran.unisinos/ranplacer-sample created
ranplacer.ran.unisinos "ranplacer-sample" deleted
/root/RANPlacer/k8s-operators/config/samples/ran_v1alpha1_ranplacer.yaml
ranplacer.ran.unisinos/ranplacer-sample created
ranplacer.ran.unisinos "ranplacer-sample" deleted
/root/RANPlacer/k8s-operators/config/samples/ran_v1alpha1_ranplacer.yaml
ranplacer.ran.unisinos/ranplacer-sample created
ranplacer.ran.unisinos "ranplacer-sample" deleted
/root/RANPlacer/k8s-operators/config/samples/ran_v1alpha1_ranplacer.yaml
ranplacer.ran.unisinos/ranplacer-sample created
ranplacer.ran.unisinos "ranplacer-sample" deleted
/root/RANPlacer/k8s-operators/config/samples/ran_v1alpha1_ranplacer.yaml
ranplacer.ran.unisinos/ranplacer-sample created
ranplacer.ran.unisinos "ranplacer-sample" deleted
